Day[0] = 06/17/2000
Day[1] = 06/18/2000
Day[2] = 06/19/2000
