Season[0] = [01/02/2020 - 02/29/2020, Winter]
Season[1] = [03/01/2020 - 05/31/2020, Spring]
Season[2] = [06/01/2020 - 08/31/2020, Summer]
Season[3] = [09/01/2020 - 01/01/2021, Winter again]
