Rate[0] = [01/02/2020 - 04/30/2020, 0.01]
Rate[1] = [05/01/2020 - 08/14/2020, 0.015]
Rate[2] = [08/15/2020 - 01/01/2021, 0.007]
